
saisudha@LAPTOP-2O24BOGG MINGW64 ~
$ ls
'3D Objects'/
 AppData/
'Application Data'@
 BullseyeCoverageError.txt
 Contacts/
 Cookies@
 Desktop/
 Documents/
 Downloads/
 Favorites/
 IntelGraphicsProfiles/
 Links/
'Local Settings'@
 Music/
'My Documents'@
 NTUSER.DAT
 NTUSER.DAT{0c9d5a9a-66b3-11ed-a54f-ce134c187960}.TM.blf
 NTUSER.DAT{0c9d5a9a-66b3-11ed-a54f-ce134c187960}.TMContainer00000000000000000001.regtrans-ms
 NTUSER.DAT{0c9d5a9a-66b3-11ed-a54f-ce134c187960}.TMContainer00000000000000000002.regtrans-ms
 NetHood@
 OneDrive/
 Pictures/
 Postman/
 PrintHood@
 Recent@
'Saved Games'/
 Searches/
 SendTo@
'Start Menu'@
 Templates@
 Videos/
'VirtualBox VMs'/
 anaconda3/
 code/
'code (1).rar'
 eclipse/
 eclipse-workspace/
 emp2.Data.mdf
 emp2.Data_log.ldf
 employeemanagement.Data.mdf
 employeemanagement.Data_log.ldf
 git/
 ntuser.dat.LOG1
 ntuser.dat.LOG2
 ntuser.ini
 sample/
 source/

saisudha@LAPTOP-2O24BOGG MINGW64 ~
$ cd Desktop

saisudha@LAPTOP-2O24BOGG MINGW64 ~/Desktop
$ ls
 AWS.txt        Devops.docx     'Driver Drowsiness Detection.docx'   JAVA/           MilesStone2.txt                                  'Sony Driving License'/   Spring.docx     desktop.ini   mphasis.docx   srh/
 CoverLetter/   Devsecops/       GitPractice/                        LokiDevops/    'New folder'/                                     'Sony doc'/               TapAcademy/     github/       practice/
 Devops/        DiscoverMinds/  'Interview Topics'/                 'Main Devops'/  'Shortcut to Desktop (OneDrive - Personal).lnk'*   Spring/                  broketobrave/  'in middle'/   sample/

saisudha@LAPTOP-2O24BOGG MINGW64 ~/Desktop
$ mkdir Switch

saisudha@LAPTOP-2O24BOGG MINGW64 ~/Desktop
$ cd Switch

saisudha@LAPTOP-2O24BOGG MINGW64 ~/Desktop/Switch
$ ls

saisudha@LAPTOP-2O24BOGG MINGW64 ~/Desktop/Switch
$ git clone https://github.com/saisudhavana/Mission_Switch.git
Cloning into 'Mission_Switch'...
remote: Enumerating objects: 24, done.
remote: Counting objects: 100% (24/24), done.
remote: Compressing objects: 100% (16/16), done.
remote: Total 24 (delta 7), reused 4 (delta 2), pack-reused 0
Receiving objects: 100% (24/24), 6.53 KiB | 514.00 KiB/s, done.
Resolving deltas: 100% (7/7), done.

saisudha@LAPTOP-2O24BOGG MINGW64 ~/Desktop/Switch
$ ls
Mission_Switch/

saisudha@LAPTOP-2O24BOGG MINGW64 ~/Desktop/Switch
$ cd Mission_Switch/

saisudha@LAPTOP-2O24BOGG MINGW64 ~/Desktop/Switch/Mission_Switch (main)
$ ls
README.md  S  Sorting/  a.txt  b.txt

saisudha@LAPTOP-2O24BOGG MINGW64 ~/Desktop/Switch/Mission_Switch (main)
$ git rm *
fatal: not removing 'Sorting' recursively without -r

saisudha@LAPTOP-2O24BOGG MINGW64 ~/Desktop/Switch/Mission_Switch (main)
$ git rm a.txt
rm 'a.txt'

saisudha@LAPTOP-2O24BOGG MINGW64 ~/Desktop/Switch/Mission_Switch (main)
$ ls
README.md  S  Sorting/  b.txt

saisudha@LAPTOP-2O24BOGG MINGW64 ~/Desktop/Switch/Mission_Switch (main)
$ git rm b.txt s sorting/
fatal: pathspec 's' did not match any files

saisudha@LAPTOP-2O24BOGG MINGW64 ~/Desktop/Switch/Mission_Switch (main)
$ git rm b.txt s
fatal: pathspec 's' did not match any files

saisudha@LAPTOP-2O24BOGG MINGW64 ~/Desktop/Switch/Mission_Switch (main)
$ git rm b.txt
rm 'b.txt'

saisudha@LAPTOP-2O24BOGG MINGW64 ~/Desktop/Switch/Mission_Switch (main)
$ git status
On branch main
Your branch is up to date with 'origin/main'.

Changes to be committed:
  (use "git restore --staged <file>..." to unstage)
        deleted:    a.txt
        deleted:    b.txt


saisudha@LAPTOP-2O24BOGG MINGW64 ~/Desktop/Switch/Mission_Switch (main)
$ git pull origin main
From https://github.com/saisudhavana/Mission_Switch
 * branch            main       -> FETCH_HEAD
Already up to date.

saisudha@LAPTOP-2O24BOGG MINGW64 ~/Desktop/Switch/Mission_Switch (main)
$ ls
README.md  S  Sorting/

saisudha@LAPTOP-2O24BOGG MINGW64 ~/Desktop/Switch/Mission_Switch (main)
$ git add remote origin https://github.com/saisudhavana/Mission_Switch.git
fatal: pathspec 'remote' did not match any files

saisudha@LAPTOP-2O24BOGG MINGW64 ~/Desktop/Switch/Mission_Switch (main)
$ git  remote  add origin https://github.com/saisudhavana/Mission_Switch.git
error: remote origin already exists.

saisudha@LAPTOP-2O24BOGG MINGW64 ~/Desktop/Switch/Mission_Switch (main)
$ ls
README.md  S  Sorting/

saisudha@LAPTOP-2O24BOGG MINGW64 ~/Desktop/Switch/Mission_Switch (main)
$ git add a.txt b.txt
fatal: pathspec 'a.txt' did not match any files

saisudha@LAPTOP-2O24BOGG MINGW64 ~/Desktop/Switch/Mission_Switch (main)
$ ls
README.md  S  Sorting/

saisudha@LAPTOP-2O24BOGG MINGW64 ~/Desktop/Switch/Mission_Switch (main)
$ git push origin main
Everything up-to-date

saisudha@LAPTOP-2O24BOGG MINGW64 ~/Desktop/Switch/Mission_Switch (main)
$ git commit -m "a.txt b.txt deleted"
[main 852cd55] a.txt b.txt deleted
 2 files changed, 1 deletion(-)
 delete mode 100644 a.txt
 delete mode 100644 b.txt

saisudha@LAPTOP-2O24BOGG MINGW64 ~/Desktop/Switch/Mission_Switch (main)
$ git push origin main
Enumerating objects: 3, done.
Counting objects: 100% (3/3), done.
Delta compression using up to 8 threads
Compressing objects: 100% (2/2), done.
Writing objects: 100% (2/2), 221 bytes | 221.00 KiB/s, done.
Total 2 (delta 1), reused 0 (delta 0), pack-reused 0
remote: Resolving deltas: 100% (1/1), completed with 1 local object.
To https://github.com/saisudhavana/Mission_Switch.git
   98c95fa..852cd55  main -> main

saisudha@LAPTOP-2O24BOGG MINGW64 ~/Desktop/Switch/Mission_Switch (main)
$ ls
README.md  S  Sorting/

saisudha@LAPTOP-2O24BOGG MINGW64 ~/Desktop/Switch/Mission_Switch (main)
$ git rm sorting/
fatal: pathspec 'sorting/' did not match any files

saisudha@LAPTOP-2O24BOGG MINGW64 ~/Desktop/Switch/Mission_Switch (main)
$ git rmdir sorting
git: 'rmdir' is not a git command. See 'git --help'.

saisudha@LAPTOP-2O24BOGG MINGW64 ~/Desktop/Switch/Mission_Switch (main)
$ git rm -- cached Sorting
fatal: pathspec 'cached' did not match any files

saisudha@LAPTOP-2O24BOGG MINGW64 ~/Desktop/Switch/Mission_Switch (main)
$ git push origin --delete loops
To https://github.com/saisudhavana/Mission_Switch.git
 - [deleted]         loops

saisudha@LAPTOP-2O24BOGG MINGW64 ~/Desktop/Switch/Mission_Switch (main)
$ git status
On branch main
Your branch is up to date with 'origin/main'.

nothing to commit, working tree clean

saisudha@LAPTOP-2O24BOGG MINGW64 ~/Desktop/Switch/Mission_Switch (main)
$ git push origin main
Everything up-to-date

saisudha@LAPTOP-2O24BOGG MINGW64 ~/Desktop/Switch/Mission_Switch (main)
$ git commit -m "branch deleted"
On branch main
Your branch is up to date with 'origin/main'.

nothing to commit, working tree clean

saisudha@LAPTOP-2O24BOGG MINGW64 ~/Desktop/Switch/Mission_Switch (main)
$ git push origin main
Everything up-to-date

saisudha@LAPTOP-2O24BOGG MINGW64 ~/Desktop/Switch/Mission_Switch (main)
$ git branch
* main

saisudha@LAPTOP-2O24BOGG MINGW64 ~/Desktop/Switch/Mission_Switch (main)
$ cat SumOfUniqNummbets
cat: SumOfUniqNummbets: No such file or directory

saisudha@LAPTOP-2O24BOGG MINGW64 ~/Desktop/Switch/Mission_Switch (main)
$ cat  >> SumOfUniqNummbets.txt
import java.util.*;
public class Main
{
	public static void main(String[] args) 
	{
	    Scanner sc = new Scanner(System.in);
	    String s1=sc.nextLine();//123CD23571
	    int sum=0;             // 0123456789
	    for(int i=0;i<s1.length();i++)
	    {
	        if(Character.isDigit(s1.charAt(i)))
	        {
	            if(i!=0)
	            {
	            String subprev = s1.substring(i+1,s1.length());
	            String subaft = s1.substring(0,i);
	            String sub = subprev+subaft;
	            if(!sub.contains(String.valueOf(s1.charAt(i))))
	            {
	                	//System.out.println(s1.charAt(i)+" "+i);
	                sum=sum+Character.getNumericValue(s1.charAt(i));
	            }
	            }
	            if(i==0)
	            {
	                String k = s1.substring(1,s1.length());
	                if(!k.contains(String.valueOf(s1.charAt(i))))
	                {
	                    sum=sum+Character.getNumericValue(s1.charAt(i));
	                }
	            }
	        }
	    }
		System.out.println(sum);
	}
}
